  Identification des projets ├á restaurer...
C:\Program Files\dotnet\sdk\10.0.201\Sdks\Microsoft.NET.Sdk\targets\Microsoft.NET.Sdk.ImportWorkloads.targets(38,5): error NETSDK1147: pour g├®n├®rer ce projet, les charges de travail suivantes doivent ├¬tre install├®es : android wasm-tools-net8 [C:\Users\Administrateur\Desktop\Nouveau dossier (2)\CVGenerator\CVGenerator.csproj::TargetFramework=net8.0-android]
C:\Program Files\dotnet\sdk\10.0.201\Sdks\Microsoft.NET.Sdk\targets\Microsoft.NET.Sdk.ImportWorkloads.targets(38,5): error NETSDK1147: Pour installer ces charges de travail, ex├®cutez la commande suivante : dotnet workload restore. [C:\Users\Administrateur\Desktop\Nouveau dossier (2)\CVGenerator\CVGenerator.csproj::TargetFramework=net8.0-android]

├ëCHEC de la build.

C:\Program Files\dotnet\sdk\10.0.201\Sdks\Microsoft.NET.Sdk\targets\Microsoft.NET.Sdk.ImportWorkloads.targets(38,5): error NETSDK1147: pour g├®n├®rer ce projet, les charges de travail suivantes doivent ├¬tre install├®es : android wasm-tools-net8 [C:\Users\Administrateur\Desktop\Nouveau dossier (2)\CVGenerator\CVGenerator.csproj::TargetFramework=net8.0-android]
C:\Program Files\dotnet\sdk\10.0.201\Sdks\Microsoft.NET.Sdk\targets\Microsoft.NET.Sdk.ImportWorkloads.targets(38,5): error NETSDK1147: Pour installer ces charges de travail, ex├®cutez la commande suivante : dotnet workload restore. [C:\Users\Administrateur\Desktop\Nouveau dossier (2)\CVGenerator\CVGenerator.csproj::TargetFramework=net8.0-android]
    0 Avertissement(s)
    1 Erreur(s)

Temps ├®coul├® 00:00:00.57
